================================================================
== Design Size Report
================================================================

* Total Instructions per Compilation Phase
+---------------+----------------------------+--------------+----------------------------------------------------------------------------------------+
| Phase         | Step                       | Instructions | Description                                                                            |
+---------------+----------------------------+--------------+----------------------------------------------------------------------------------------+
| Compile/Link  |                            | 3,423        | After all functions are compiled and linked into a single design                       |
|               |                            |              |                                                                                        |
| Unroll/Inline |                            |              | After user unroll and inline pragmas are applied                                       |
|               | (1) unroll                 |   489        | user unroll pragmas are applied                                                        |
|               | (2) simplification         |   373        | simplification of applied user unroll pragmas                                          |
|               | (3) inline                 |   363        | user inline pragmas are applied                                                        |
|               | (4) simplification         |   330        | simplification of applied user inline pragmas                                          |
|               |                            |              |                                                                                        |
| Array/Struct  |                            |              | After user array partition and struct aggregate/disaggregate pragmas are applied       |
|               | (1) array partition        |   290        | user array partition pragmas are applied                                               |
|               | (2) simplification         |   290        | simplification of applied user array partition & struct aggregate/disaggregate pragmas |
|               | (3) aggregate/disaggregate |   290        | user struct aggregate/disaggregate pragmas are applied                                 |
|               | (4) array reshape          |   290        | apply array reshape pragmas                                                            |
|               | (5) access patterns        |   370        | array access pattern optmizations                                                      |
|               |                            |              |                                                                                        |
| Performance   |                            |              | After transformations are applied to meet performance pragma targets                   |
|               | (1) loop simplification    |   369        | loop and instruction simplification                                                    |
|               | (2) parallelization        |   334        | loops are unrolled or pipelined to meet performance targets                            |
|               | (3) array partition        |   302        | arrays are partitioned to meet performance targets                                     |
|               | (4) simplification         |   302        | simplification of design after performance transformations                             |
|               |                            |              |                                                                                        |
| HW Transforms |                            |              | After hardware transfomations                                                          |
|               | (1) lowering               |   282        | initial conversion to HW specific instructions                                         |
|               | (2) optimizations          |   236        | high level synthesis optimizations                                                     |
+---------------+----------------------------+--------------+----------------------------------------------------------------------------------------+

* Instructions per Function for each Compilation Phase
+----------------------+------------------------+----------------+---------------+--------------+-------------+---------------+
| Function             | Location               | Compile/Link   | Unroll/Inline | Array/Struct | Performance | HW Transforms |
+----------------------+------------------------+----------------+---------------+--------------+-------------+---------------+
| + sobel_top          | sobel_top.cpp:3        | 3,423          | 330           | 370          | 302         | 236           |
|  + sobel_core        | sobel_core.cpp:13      | 3,414          | 323           | 349          | 281         | 208           |
|     window_generator | window_generator.cpp:3 |   84           |               |              |             |               |
|     abs12            | sobel_core.cpp:3       |  404 (2 calls) |               |              |             |               |
|     clip_u8_12       | sobel_core.cpp:8       |   82           |               |              |             |               |
+----------------------+------------------------+----------------+---------------+--------------+-------------+---------------+

* Design Size Message Settings
+---------------------------------------------+--------+------------------------------------------------------------------+
| Message Setting                             | Value  | Description                                                      |
+---------------------------------------------+--------+------------------------------------------------------------------+
| config_compile -design_size_maximum_warning | 100000 | Show a warning when total design instructions exceeds this value |
+---------------------------------------------+--------+------------------------------------------------------------------+


